../Core/Inc/LCD.h:37:6:LCD_string	24	static
../Core/Inc/LCD.h:46:6:LCD_init	8	static
../Core/Inc/LCD.h:64:6:PORTS_init	4	static
../Core/Inc/LCD.h:78:6:LCD_nibble_write	16	static
../Core/Inc/LCD.h:93:6:LCD_command	16	static
../Core/Inc/LCD.h:103:6:LCD_data	16	static
../Core/Inc/LCD.h:110:6:delay	24	static
../Core/Src/main.c:66:5:main	200	static
../Core/Src/main.c:174:6:SystemClock_Config	88	static
../Core/Src/main.c:216:13:MX_USART2_UART_Init	8	static
../Core/Src/main.c:249:13:MX_GPIO_Init	16	static
../Core/Src/main.c:265:6:Error_Handler	4	static,ignoring_inline_asm
