18:23:05 **** Incremental Build of configuration Debug for project Timer_pwm2 ****
make -j12 all 
arm-none-eabi-gcc "../Core/Src/main.c" -mcpu=cortex-m4 -std=gnu11 -g3 -DDEBUG -DUSE_HAL_DRIVER -DSTM32F411xE -c -I../Core/Inc -I../Drivers/STM32F4xx_HAL_Driver/Inc -I../Drivers/STM32F4xx_HAL_Driver/Inc/Legacy -I../Drivers/CMSIS/Device/ST/STM32F4xx/Include -I../Drivers/CMSIS/Include -O0 -ffunction-sections -fdata-sections -Wall -fstack-usage -MMD -MP -MF"Core/Src/main.d" -MT"Core/Src/main.o" --specs=nano.specs -mfpu=fpv4-sp-d16 -mfloat-abi=hard -mthumb -o "Core/Src/main.o"
arm-none-eabi-gcc -o "Timer_pwm2.elf" @"objects.list"   -mcpu=cortex-m4 -T"C:\Users\PHY202209EF09\STM32CubeIDE\workspace_1.10.1\Timer_pwm2\STM32F411RETX_FLASH.ld" --specs=nosys.specs -Wl,-Map="Timer_pwm2.map" -Wl,--gc-sections -static --specs=nano.specs -mfpu=fpv4-sp-d16 -mfloat-abi=hard -mthumb -Wl,--start-group -lc -lm -Wl,--end-group
Finished building target: Timer_pwm2.elf
 
arm-none-eabi-size   Timer_pwm2.elf 
arm-none-eabi-objdump -h -S  Timer_pwm2.elf  > "Timer_pwm2.list"
   text	   data	    bss	    dec	    hex	filename
   9396	     20	   1644	  11060	   2b34	Timer_pwm2.elf
Finished building: default.size.stdout
 
Finished building: Timer_pwm2.list
 

18:23:06 Build Finished. 0 errors, 0 warnings. (took 517ms)

