12:05:39 **** Incremental Build of configuration Debug for project USART1_Tx ****
make -j12 all 
arm-none-eabi-gcc "../Core/Src/main.c" -mcpu=cortex-m4 -std=gnu11 -g3 -DDEBUG -DUSE_HAL_DRIVER -DSTM32F411xE -c -I../Core/Inc -I../Drivers/STM32F4xx_HAL_Driver/Inc -I../Drivers/STM32F4xx_HAL_Driver/Inc/Legacy -I../Drivers/CMSIS/Device/ST/STM32F4xx/Include -I../Drivers/CMSIS/Include -O0 -ffunction-sections -fdata-sections -Wall -fstack-usage -MMD -MP -MF"Core/Src/main.d" -MT"Core/Src/main.o" --specs=nano.specs -mfpu=fpv4-sp-d16 -mfloat-abi=hard -mthumb -o "Core/Src/main.o"
arm-none-eabi-gcc -o "USART1_Tx.elf" @"objects.list"   -mcpu=cortex-m4 -T"C:\Users\PHY202209EF09\STM32CubeIDE\workspace_1.10.1\USART1_Tx\STM32F411RETX_FLASH.ld" --specs=nosys.specs -Wl,-Map="USART1_Tx.map" -Wl,--gc-sections -static --specs=nano.specs -mfpu=fpv4-sp-d16 -mfloat-abi=hard -mthumb -Wl,--start-group -lc -lm -Wl,--end-group
Finished building target: USART1_Tx.elf
 
arm-none-eabi-size   USART1_Tx.elf 
arm-none-eabi-objdump -h -S  USART1_Tx.elf  > "USART1_Tx.list"
   text	   data	    bss	    dec	    hex	filename
  11276	     20	   1636	  12932	   3284	USART1_Tx.elf
Finished building: default.size.stdout
 
Finished building: USART1_Tx.list
 

12:05:40 Build Finished. 0 errors, 0 warnings. (took 520ms)

